******************************************************************************
                  TI ARM Linker PC v16.9.3                     
******************************************************************************
>> Linked Thu Aug 03 14:26:41 2017

OUTPUT FILE NAME:   <testmpu6050.out>
ENTRY POINT SYMBOL: "_c_int00"  address: 0000088d


MEMORY CONFIGURATION

         name            origin    length      used     unused   attr    fill
----------------------  --------  ---------  --------  --------  ----  --------
  FLASH                 00000000   00040000  00000e26  0003f1da  R  X
  SRAM                  20000000   00008000  00000484  00007b7c  RW X


SEGMENT ALLOCATION MAP

run origin  load origin   length   init length attrs members
----------  ----------- ---------- ----------- ----- -------
00000000    00000000    00000e28   00000e28    r-x
  00000000    00000000    0000026c   0000026c    r-- .intvecs
  0000026c    0000026c    00000996   00000996    r-x .text
  00000c04    00000c04    000001ec   000001ec    r-- .const
  00000df0    00000df0    00000038   00000038    r-- .cinit
20000000    20000000    00000484   00000000    rw-
  20000000    20000000    0000026c   00000000    rw- .vtable
  2000026c    2000026c    00000200   00000000    rw- .stack
  2000046c    2000046c    00000018   00000000    rw- .data


SECTION ALLOCATION MAP

 output                                  attributes/
section   page    origin      length       input sections
--------  ----  ----------  ----------   ----------------
.intvecs   0    00000000    0000026c     
                  00000000    0000026c     tm4c123gh6pm_startup_ccs.obj (.intvecs)

.text      0    0000026c    00000996     
                  0000026c    00000132     driverlib.lib : gpio.obj (.text:GPIOPadConfigSet)
                  0000039e    00000002     rtsv7M4_T_le_v4SPD16_eabi.lib : mpu_init.obj (.text)
                  000003a0    00000110     driverlib.lib : sysctl.obj (.text:SysCtlClockGet)
                  000004b0    000000f4                   : sysctl.obj (.text:SysCtlClockSet)
                  000005a4    0000009c     rtsv7M4_T_le_v4SPD16_eabi.lib : memcpy_t2.obj (.text)
                  00000640    00000090     UART.obj (.text)
                  000006d0    0000007a     rtsv7M4_T_le_v4SPD16_eabi.lib : memset_t2.obj (.text)
                  0000074a    00000002                                   : startup.obj (.text)
                  0000074c    00000070                                   : autoinit.obj (.text)
                  000007bc    00000068     driverlib.lib : interrupt.obj (.text:IntEnable)
                  00000824    00000068     rtsv7M4_T_le_v4SPD16_eabi.lib : copy_decompress_lzss.obj (.text:decompress:lzss)
                  0000088c    00000054                                   : boot.obj (.text)
                  000008e0    00000054                                   : exit.obj (.text)
                  00000934    0000004c                                   : cpy_tbl.obj (.text)
                  00000980    00000048     driverlib.lib : gpio.obj (.text:GPIOPinConfigure)
                  000009c8    00000046                   : uart.obj (.text:UARTConfigSetExpClk)
                  00000a0e    00000002     --HOLE-- [fill = 0]
                  00000a10    00000040                   : uart.obj (.text:_UARTIntNumberGet)
                  00000a50    00000034                   : interrupt.obj (.text:IntRegister)
                  00000a84    00000034                   : sysctl.obj (.text:SysCtlPeripheralEnable)
                  00000ab8    0000002a                   : gpio.obj (.text:GPIODirModeSet)
                  00000ae2    00000002     --HOLE-- [fill = 0]
                  00000ae4    00000020                   : uart.obj (.text:UARTDisable)
                  00000b04    00000018                   : uart.obj (.text:UARTIntRegister)
                  00000b1c    00000018     main.obj (.text)
                  00000b34    00000018     rtsv7M4_T_le_v4SPD16_eabi.lib : args_main.obj (.text)
                  00000b4c    00000014     driverlib.lib : uart.obj (.text:UARTEnable)
                  00000b60    00000014     rtsv7M4_T_le_v4SPD16_eabi.lib : _lock.obj (.text)
                  00000b74    00000012     driverlib.lib : gpio.obj (.text:GPIOPinTypeUART)
                  00000b86    00000010                   : interrupt.obj (.text:IntMasterEnable)
                  00000b96    0000000e     rtsv7M4_T_le_v4SPD16_eabi.lib : copy_decompress_none.obj (.text:decompress:none)
                  00000ba4    0000000c     driverlib.lib : cpu.obj (.text:CPUcpsie)
                  00000bb0    0000000c     rtsv7M4_T_le_v4SPD16_eabi.lib : copy_zero_init.obj (.text:decompress:ZI)
                  00000bbc    0000000c     tm4c123gh6pm_startup_ccs.obj (.text)
                  00000bc8    0000000a     driverlib.lib : uart.obj (.text:UARTCharGet)
                  00000bd2    0000000a                   : uart.obj (.text:UARTCharPut)
                  00000bdc    0000000a                   : uart.obj (.text:UARTIntStatus)
                  00000be6    00000008                   : uart.obj (.text:UARTIntEnable)
                  00000bee    00000006                   : sysctl.obj (.text:SysCtlDelay)
                  00000bf4    00000006                   : uart.obj (.text:UARTClockSourceSet)
                  00000bfa    00000004                   : uart.obj (.text:UARTIntClear)
                  00000bfe    00000004     rtsv7M4_T_le_v4SPD16_eabi.lib : pre_init.obj (.text)

.const     0    00000c04    000001ec     
                  00000c04    00000090     driverlib.lib : gpio.obj (.const:g_pui32GPIOBaseAddrs)
                  00000c94    00000070                   : interrupt.obj (.const)
                  00000d04    0000006c                   : sysctl.obj (.const:g_pui32Xtals)
                  00000d70    00000040                   : uart.obj (.const:g_ppui32UARTIntMap)
                  00000db0    00000040                   : uart.obj (.const:g_ppui32UARTIntMapSnowflake)

.cinit     0    00000df0    00000038     
                  00000df0    00000011     (.cinit..data.load) [load image, compression = lzss]
                  00000e01    00000003     --HOLE-- [fill = 0]
                  00000e04    0000000c     (__TI_handler_table)
                  00000e10    00000008     (.cinit..vtable.load) [load image, compression = zero_init]
                  00000e18    00000010     (__TI_cinit_table)

.init_array 
*          0    00000000    00000000     UNINITIALIZED

.vtable    0    20000000    0000026c     UNINITIALIZED
                  20000000    0000026c     driverlib.lib : interrupt.obj (.vtable)

.stack     0    2000026c    00000200     UNINITIALIZED
                  2000026c    00000200     --HOLE--

.data      0    2000046c    00000018     UNINITIALIZED
                  2000046c    0000000c     rtsv7M4_T_le_v4SPD16_eabi.lib : exit.obj (.data:$O1$$)
                  20000478    00000008                                   : _lock.obj (.data:$O1$$)
                  20000480    00000004                                   : stkdepth_vars.obj (.data)

MODULE SUMMARY

       Module                         code   ro data   rw data
       ------                         ----   -------   -------
    .\
       tm4c123gh6pm_startup_ccs.obj   12     620       0      
       main.obj                       24     0         0      
    +--+------------------------------+------+---------+---------+
       Total:                         36     620       0      
                                                              
    .\UART\
       UART.obj                       144    0         0      
    +--+------------------------------+------+---------+---------+
       Total:                         144    0         0      
                                                              
    C:/ti/TivaWare_C_Series-2.1.2.111/driverlib/ccs/Debug/driverlib.lib
       interrupt.obj                  172    112       620    
       sysctl.obj                     574    108       0      
       gpio.obj                       438    144       0      
       uart.obj                       258    128       0      
       cpu.obj                        12     0         0      
    +--+------------------------------+------+---------+---------+
       Total:                         1454   492       620    
                                                              
    C:\ti\ccsv7\tools\compiler\ti-cgt-arm_16.9.3.LTS\lib\rtsv7M4_T_le_v4SPD16_eabi.lib
       memcpy_t2.obj                  156    0         0      
       memset_t2.obj                  122    0         0      
       autoinit.obj                   112    0         0      
       copy_decompress_lzss.obj       104    0         0      
       exit.obj                       84     0         12     
       boot.obj                       84     0         0      
       cpy_tbl.obj                    76     0         0      
       _lock.obj                      20     0         8      
       args_main.obj                  24     0         0      
       copy_decompress_none.obj       14     0         0      
       copy_zero_init.obj             12     0         0      
       pre_init.obj                   4      0         0      
       stkdepth_vars.obj              0      0         4      
       mpu_init.obj                   2      0         0      
       startup.obj                    2      0         0      
    +--+------------------------------+------+---------+---------+
       Total:                         816    0         24     
                                                              
       Stack:                         0      0         512    
       Linker Generated:              0      53        0      
    +--+------------------------------+------+---------+---------+
       Grand Total:                   2450   1165      1156   


LINKER GENERATED COPY TABLES

__TI_cinit_table @ 00000e18 records: 2, size/record: 8, table size: 16
	.data: load addr=00000df0, load size=00000011 bytes, run addr=2000046c, run size=00000018 bytes, compression=lzss
	.vtable: load addr=00000e10, load size=00000008 bytes, run addr=20000000, run size=0000026c bytes, compression=zero_init


LINKER GENERATED HANDLER TABLE

__TI_handler_table @ 00000e04 records: 3, size/record: 4, table size: 12
	index: 0, handler: __TI_zero_init
	index: 1, handler: __TI_decompress_lzss
	index: 2, handler: __TI_decompress_none


GLOBAL SYMBOLS: SORTED ALPHABETICALLY BY Name 

address   name                           
-------   ----                           
000008e1  C$$EXIT                        
00000ba5  CPUcpsie                       
00000ab9  GPIODirModeSet                 
0000026d  GPIOPadConfigSet               
00000981  GPIOPinConfigure               
00000b75  GPIOPinTypeUART                
000007bd  IntEnable                      
00000b87  IntMasterEnable                
00000a51  IntRegister                    
00000bbd  ResetISR                       
UNDEFED   SHT$$INIT_ARRAY$$Base          
UNDEFED   SHT$$INIT_ARRAY$$Limit         
000003a1  SysCtlClockGet                 
000004b1  SysCtlClockSet                 
00000bef  SysCtlDelay                    
00000a85  SysCtlPeripheralEnable         
00000bc9  UARTCharGet                    
00000bd3  UARTCharPut                    
00000bf5  UARTClockSourceSet             
000009c9  UARTConfigSetExpClk            
00000ae5  UARTDisable                    
00000b4d  UARTEnable                     
00000bfb  UARTIntClear                   
00000be7  UARTIntEnable                  
00000b05  UARTIntRegister                
00000bdd  UARTIntStatus                  
2000046c  __STACK_END                    
00000200  __STACK_SIZE                   
2000046c  __STACK_TOP                    
00000e18  __TI_CINIT_Base                
00000e28  __TI_CINIT_Limit               
00000e04  __TI_Handler_Table_Base        
00000e10  __TI_Handler_Table_Limit       
0000074d  __TI_auto_init                 
2000046c  __TI_cleanup_ptr               
00000825  __TI_decompress_lzss           
00000b97  __TI_decompress_none           
20000470  __TI_dtors_ptr                 
20000474  __TI_enable_exit_profile_output
ffffffff  __TI_pprof_out_hndl            
ffffffff  __TI_prof_data_size            
ffffffff  __TI_prof_data_start           
00000000  __TI_static_base__             
00000bb1  __TI_zero_init                 
000006d1  __aeabi_memclr                 
000006d1  __aeabi_memclr4                
000006d1  __aeabi_memclr8                
000005a5  __aeabi_memcpy                 
000005a5  __aeabi_memcpy4                
000005a5  __aeabi_memcpy8                
000006d3  __aeabi_memset                 
000006d3  __aeabi_memset4                
000006d3  __aeabi_memset8                
ffffffff  __binit__                      
ffffffff  __c_args__                     
0000039f  __mpu_init                     
2000026c  __stack                        
00000b35  _args_main                     
0000088d  _c_int00                       
20000478  _lock                          
00000b6f  _nop                           
00000b67  _register_lock                 
00000b61  _register_unlock               
0000074b  _system_post_cinit             
00000bff  _system_pre_init               
2000047c  _unlock                        
000008e5  abort                          
ffffffff  binit                          
00000667  config_UART                    
00000935  copy_in                        
000008ed  exit                           
20000000  g_pfnRAMVectors                
00000000  g_pfnVectors                   
00000b1d  main                           
20000480  main_func_sp                   
000005a5  memcpy                         
000006d9  memset                         


GLOBAL SYMBOLS: SORTED BY Symbol Address 

address   name                           
-------   ----                           
00000000  __TI_static_base__             
00000000  g_pfnVectors                   
00000200  __STACK_SIZE                   
0000026d  GPIOPadConfigSet               
0000039f  __mpu_init                     
000003a1  SysCtlClockGet                 
000004b1  SysCtlClockSet                 
000005a5  __aeabi_memcpy                 
000005a5  __aeabi_memcpy4                
000005a5  __aeabi_memcpy8                
000005a5  memcpy                         
00000667  config_UART                    
000006d1  __aeabi_memclr                 
000006d1  __aeabi_memclr4                
000006d1  __aeabi_memclr8                
000006d3  __aeabi_memset                 
000006d3  __aeabi_memset4                
000006d3  __aeabi_memset8                
000006d9  memset                         
0000074b  _system_post_cinit             
0000074d  __TI_auto_init                 
000007bd  IntEnable                      
00000825  __TI_decompress_lzss           
0000088d  _c_int00                       
000008e1  C$$EXIT                        
000008e5  abort                          
000008ed  exit                           
00000935  copy_in                        
00000981  GPIOPinConfigure               
000009c9  UARTConfigSetExpClk            
00000a51  IntRegister                    
00000a85  SysCtlPeripheralEnable         
00000ab9  GPIODirModeSet                 
00000ae5  UARTDisable                    
00000b05  UARTIntRegister                
00000b1d  main                           
00000b35  _args_main                     
00000b4d  UARTEnable                     
00000b61  _register_unlock               
00000b67  _register_lock                 
00000b6f  _nop                           
00000b75  GPIOPinTypeUART                
00000b87  IntMasterEnable                
00000b97  __TI_decompress_none           
00000ba5  CPUcpsie                       
00000bb1  __TI_zero_init                 
00000bbd  ResetISR                       
00000bc9  UARTCharGet                    
00000bd3  UARTCharPut                    
00000bdd  UARTIntStatus                  
00000be7  UARTIntEnable                  
00000bef  SysCtlDelay                    
00000bf5  UARTClockSourceSet             
00000bfb  UARTIntClear                   
00000bff  _system_pre_init               
00000e04  __TI_Handler_Table_Base        
00000e10  __TI_Handler_Table_Limit       
00000e18  __TI_CINIT_Base                
00000e28  __TI_CINIT_Limit               
20000000  g_pfnRAMVectors                
2000026c  __stack                        
2000046c  __STACK_END                    
2000046c  __STACK_TOP                    
2000046c  __TI_cleanup_ptr               
20000470  __TI_dtors_ptr                 
20000474  __TI_enable_exit_profile_output
20000478  _lock                          
2000047c  _unlock                        
20000480  main_func_sp                   
ffffffff  __TI_pprof_out_hndl            
ffffffff  __TI_prof_data_size            
ffffffff  __TI_prof_data_start           
ffffffff  __binit__                      
ffffffff  __c_args__                     
ffffffff  binit                          
UNDEFED   SHT$$INIT_ARRAY$$Base          
UNDEFED   SHT$$INIT_ARRAY$$Limit         

[77 symbols]
